// Jest Snapshot v1, https://goo.gl/fbAQLP

exports[`renders correctly 1`] = `
<div>
  <div
    style="width: inherit;"
  >
    <div
      class="css-1xb5uqo"
    />
  </div>
</div>
`;
