// Jest Snapshot v1, https://goo.gl/fbAQLP

exports[`renders correctly 1`] = `
<div>
  <section
    class="css-cgxlze"
    data-testid="notification"
  >
    <h2 />
    <p />
  </section>
</div>
`;
